SQL> SET LINES 200 PAGES 200;
SQL> SELECT ENAME , SAL
  2  FROM EMP
  3  WHERE SAL > (SELECT SAL FROM EMP WHERE SAL NOT IN (SELECT MAX(SAL) FROM EMP));
WHERE SAL > (SELECT SAL FROM EMP WHERE SAL NOT IN (SELECT MAX(SAL) FROM EMP))
             *
ERROR at line 3:
ORA-01427: single-row subquery returns more than one row 


SQL> ED
Wrote file afiedt.buf

  1  SELECT ENAME , SAL
  2  FROM EMP
  3* WHERE SAL > (SELECT SAL FROM EMP WHERE SAL NOT IN (SELECT MAX(SAL) FROM EMP))
SQL> SELECT ENAME , COUNT(ENAME)
  2  FROM EMP
  3  WHERE SAL*12 > 10000
  4  GROUP BY DEPTNO ;
SELECT ENAME , COUNT(ENAME)
       *
ERROR at line 1:
ORA-00979: not a GROUP BY expression 


SQL> ED
Wrote file afiedt.buf

  1  SELECT ENAME , COUNT(ENAME)
  2  FROM EMP
  3  GROUP BY DEPTNO 
  4* HAVING SAL*12 > 10000
SQL> /
HAVING SAL*12 > 10000
       *
ERROR at line 4:
ORA-00979: not a GROUP BY expression 


SQL> ED
Wrote file afiedt.buf

  1  SELECT ENAME , COUNT(ENAME) 
  2  FROM EMP
  3  WHERE SAL*12 > 10000
  4* GROUPBY DEPTNO 
  5  /
GROUPBY DEPTNO 
*
ERROR at line 4:
ORA-00933: SQL command not properly ended 


SQL> ED
Wrote file afiedt.buf

  1  SELECT ENAME , COUNT(ENAME) 
  2  FROM EMP
  3  WHERE SAL*12 > 10000
  4* GROUP BY DEPTNO 
SQL> /
SELECT ENAME , COUNT(ENAME) 
       *
ERROR at line 1:
ORA-00979: not a GROUP BY expression 


SQL> ED
Wrote file afiedt.buf

  1  SELECT COUNT(ENAME) 
  2  FROM EMP
  3  WHERE SAL*12 > 10000
  4* GROUP BY DEPTNO 
SQL> /

COUNT(ENAME)                                                                                                                                                                                            
------------                                                                                                                                                                                            
           6                                                                                                                                                                                            
           4                                                                                                                                                                                            
           3                                                                                                                                                                                            

SQL> ED
Wrote file afiedt.buf

  1  SELECT COUNT(ENAME) 
  2  FROM EMP
  3  WHERE SAL*12 > 10000
  4* GROUP BY DEPTNO 
SQL> /

COUNT(ENAME)                                                                                                                                                                                            
------------                                                                                                                                                                                            
           6                                                                                                                                                                                            
           4                                                                                                                                                                                            
           3                                                                                                                                                                                            

SQL> SELECT SUM(SAL)
  2  FROM EMP
  3  GROUP BY DEPTNO
  4  HAVING SAL <ED
  5  /
HAVING SAL <ED
            *
ERROR at line 4:
ORA-00904: "ED": invalid identifier 


SQL> ED
Wrote file afiedt.buf

  1  SELECT SUM(SAL)
  2  FROM EMP
  3  GROUP BY JOB , DEPTNO 
  4* HAVING SAL = MIN(SAL) AND SAL <3000 AND DEPTNO IN (10,30)
SQL> /
HAVING SAL = MIN(SAL) AND SAL <3000 AND DEPTNO IN (10,30)
                          *
ERROR at line 4:
ORA-00979: not a GROUP BY expression 


SQL> SELECT DEPTNO
  2  FROM EMP
  3  WHERE SUM(SAL) <5000
  4  GROUP BY DNAME;
WHERE SUM(SAL) <5000
      *
ERROR at line 3:
ORA-00934: group function is not allowed here 


SQL> ED
Wrote file afiedt.buf

  1  SELECT DEPTNO
  2  FROM EM
  3  GROUP BY DNAME
  4* HAVING SUM(SAL) <5000
SQL> /
FROM EM
     *
ERROR at line 2:
ORA-00942: table or view does not exist 


SQL> ED
Wrote file afiedt.buf

  1  SELECT DEPTNO
  2  FROM EMP
  3  GROUP BY DNAME
  4* HAVING SUM(SAL) <5000
SQL> /
GROUP BY DNAME
         *
ERROR at line 3:
ORA-00904: "DNAME": invalid identifier 


SQL> ED
Wrote file afiedt.buf

  1  SELECT DEPTNO
  2  FROM EMP , DEPT 
  3  GROUP BY DNAME
  4* HAVING SUM(SAL) <5000
SQL> /
SELECT DEPTNO
       *
ERROR at line 1:
ORA-00918: column ambiguously defined 


SQL> ED
Wrote file afiedt.buf

  1  SELECT E.DEPTNO
  2  FROM EMP , DEPT 
  3  GROUP BY DNAME
  4* HAVING SUM(SAL) <5000
SQL> /
SELECT E.DEPTNO
       *
ERROR at line 1:
ORA-00904: "E"."DEPTNO": invalid identifier 


SQL> ED
Wrote file afiedt.buf

  1  SELECT EMP.DEPTNO
  2  FROM EMP , DEPT 
  3  WHERE EMP.DEPTNO = DEPT.DEPTNO
  4  GROUP BY DNAME
  5* HAVING SUM(SAL) <5000
SQL> /
SELECT EMP.DEPTNO
       *
ERROR at line 1:
ORA-00979: not a GROUP BY expression 


SQL> SELECT DEPTNO
  2  FROM EMP
  3  GROUP BY DEPTNO
  4  HAVING SUM(SAL) <5000;

no rows selected

SQL> SELECT DEPTNO
  2  FROM EMP
  3  GROUP BY DEPTNO
  4  HAVING COMM > 500;
HAVING COMM > 500
       *
ERROR at line 4:
ORA-00979: not a GROUP BY expression 


SQL> SELECT COUNT(DEPTNO )
  2  FROM EMP
  3  GROUP BY DEPTNO
  4  HAVING COMM > 500 ;
HAVING COMM > 500 
       *
ERROR at line 4:
ORA-00979: not a GROUP BY expression 


SQL> SELECT COUNT(ENAME)
  2  FROM EMP
  3  GROUP BU DEPTNO
  4  HAVING COMM >500;
GROUP BU DEPTNO
      *
ERROR at line 3:
ORA-00924: missing BY keyword 


SQL> ED
Wrote file afiedt.buf

  1  SELECT COUNT(ENAME)
  2  FROM EMP
  3  WHERE COMM >500
  4* GROUP BY DEPTNO
  5  /

COUNT(ENAME)                                                                                                                                                                                            
------------                                                                                                                                                                                            
           1                                                                                                                                                                                            

SQL> ED
Wrote file afiedt.buf

  1  SELECT COUNT(EMPNO)
  2  FROM EMP
  3  WHERE COMM >500
  4* GROUP BY DEPTNO
SQL> /

COUNT(EMPNO)                                                                                                                                                                                            
------------                                                                                                                                                                                            
           1                                                                                                                                                                                            

SQL> SELECT DEPTNO
  2  FROM EMP
  3  GROUP BY DEPTNO
  4  HAVING SAL+COMM > 5000;
HAVING SAL+COMM > 5000
       *
ERROR at line 4:
ORA-00979: not a GROUP BY expression 


SQL> ED
Wrote file afiedt.buf

  1  SELECT DEPTNO
  2  FROM EMP
  3  WHERE SAL+COMM > 5000
  4* GROUP BY DEPTNO
  5  /

no rows selected

SQL> SELECT COUNT(EMPNO)
  2  FROM EMP
  3  WHERE JOB IN 'PRESIDENT'
  4  GROUP BY DEPTNO;

COUNT(EMPNO)                                                                                                                                                                                            
------------                                                                                                                                                                                            
           1                                                                                                                                                                                            

SQL> SELECT DEPTNO
  2  FROM EMP
  3  GROUP BY DEPTNO
  4  HAVING SUM(SAL) <5000;

no rows selected

SQL> SELECT DEPTNO
  2  FROM EMP
  3  WHERE JOB LIKE '%MAN%' AND DEPTNO IN 30;

    DEPTNO                                                                                                                                                                                              
----------                                                                                                                                                                                              
        30                                                                                                                                                                                              
        30                                                                                                                                                                                              
        30                                                                                                                                                                                              
        30                                                                                                                                                                                              
        30                                                                                                                                                                                              

SQL> SELECT COUNT(EMPNO)
  2  FROM EMP
  3  WHERE JOB IN 'SALESMAN' AND DEPTNO NOT IN 20
  4  GROUP BY DEPTNO;

COUNT(EMPNO)                                                                                                                                                                                            
------------                                                                                                                                                                                            
           4                                                                                                                                                                                            

SQL> SELECT DEPTNO
  2  FROM EMP
  3  WHERE JOB LIKE '%MAN%' AND DEPTNO IN 30
  4  GROUP BY DEPTNO;

    DEPTNO                                                                                                                                                                                              
----------                                                                                                                                                                                              
        30                                                                                                                                                                                              

SQL> SELECT DEPTNO
  2  FROM EMP
  3  GROUP BY DEPTNO;

    DEPTNO                                                                                                                                                                                              
----------                                                                                                                                                                                              
        30                                                                                                                                                                                              
        20                                                                                                                                                                                              
        10                                                                                                                                                                                              

SQL> SELECT COUNT(EMPNO), DEPTNO
  2  FROM EMP
  3  GROUP BY DEPTNO
  4  HAVING COUNT(EMPNO) = 3;

COUNT(EMPNO)     DEPTNO                                                                                                                                                                                 
------------ ----------                                                                                                                                                                                 
           3         10                                                                                                                                                                                 

SQL> SELECT COUNT(EMPNO)
  2  FROM EMP
  3  WHERE ENAME LIKE 'S%' OR ENAME LIKE 'A%'
  4  GROUP BY JOB
  5  HAVING COUNT(EMPNO) >=3;

no rows selected

SQL> SELECT DEPTNO , MAX(SAL)
  2  FROM EMP
  3  GROUP BY DEPTNO;

    DEPTNO   MAX(SAL)                                                                                                                                                                                   
---------- ----------                                                                                                                                                                                   
        30       2850                                                                                                                                                                                   
        20       3000                                                                                                                                                                                   
        10       5000                                                                                                                                                                                   

SQL> SELECT COUNT(EMPNO)
  2  FROM EMP
  3  WHERE JOB IN 'MANAGER'
  4  GROUP BY DEPTNO;

COUNT(EMPNO)                                                                                                                                                                                            
------------                                                                                                                                                                                            
           1                                                                                                                                                                                            
           1                                                                                                                                                                                            
           1                                                                                                                                                                                            

SQL> SELECT DEPTNO
  2  FROM EMP
  3  WHERE JOB NOT IN 'MANAGER'
  4  GROUP BY DEPTNO
  5  HAVING SAL>2000;
HAVING SAL>2000
       *
ERROR at line 5:
ORA-00979: not a GROUP BY expression 


SQL> ED
Wrote file afiedt.buf

  1  SELECT DEPTNO
  2  FROM EMP
  3  WHERE JOB NOT IN 'MANAGER' AND SAL>2000
  4* GROUP BY DEPTNO
SQL> /

    DEPTNO                                                                                                                                                                                              
----------                                                                                                                                                                                              
        20                                                                                                                                                                                              
        10                                                                                                                                                                                              

SQL> SPOOL OFF;
