SQL> CREATE TABLE PIZZA (
  2  ORDERID NUMBER(5) PRIMARY KEY CHECK(ORDERID>0) CHECK(LENGTH(ORDERID)=5),
  3  PNAME VARCHAR(20) NOT NULL ,
  4  TOPPINGS VARCHAR(20) ,
  5  SIZES VARCHAR(2) NOT NULL ,
  6  PRICE NUMBER(5) CHECK(PRICE>0)
  7  )
  8  ;

SQL> ED
Wrote file afiedt.buf

  1  CREATE TABLE PIZZAS (
  2  ORDERID NUMBER(5) PRIMARY KEY CHECK(ORDERID>0) CHECK(LENGTH(ORDERID)=5),
  3  PNAME VARCHAR(20) NOT NULL ,
  4  TOPPINGS VARCHAR(20) ,
  5  SIZES VARCHAR(2) NOT NULL ,
  6  PRICE NUMBER(5) CHECK(PRICE>0)
  7* )
  8  /

Table created.

  1  CREATE TABLE QSPIDERS
  2  ( BRANCH_ID NUMBER(5) PRIMARY KEY CHECK(BRANCH_ID>0) CHECK(LENGTH(BRANCH_ID)=5),
  3    COURSE VARCHAR(20) NOT NULL ,
  4    TNAME VARCHAR(20) NOT NULL ,
  5    SNAME VARCHAR(20) NOT NULL ,
  6    PHONENO NUMBER(10) CHECK(PHONENO >0) CHECK(LENGTH(PHONENO)=10)
  7* )
SQL> /

Table created.

SQL> ED
Wrote file afiedt.buf

  1  CREATE TABLE SESSIONS
  2  ( SESSID NUMBER(5) PRIMARY KEY CHECK(SESSID>0) CHECK(LENGTH(SESSID)=5),
  3    COURSE VARCHAR(20) NOT NULL ,
  4    TNAME VARCHAR(20) NOT NULL ,
  5    TIMING_START  NUMBER(10) NOT NULL CHECK(TIMING_START>0),
  6    TIMING_END  NUMBER(10) NOT NULL CHECK(TIMING_END>0)
  7* )
SQL> /

Table created.

SQL> ED
Wrote file afiedt.buf

  1  CREATE TABLE ACCOUNTS
  2  ( ACCID NUMBER(5) PRIMARY KEY CHECK(ACCID>0) CHECK(LENGTH(ACCID)=5),
  3    PHONENO NUMBER(10) CHECK(LENGTH(PHONENO)=10) CHECK(PHONENO >0) ,
  4    ADDRESS  NUMBER(30) ,
  5    AGE NUMBER(2) CHECK(AGE>0)
  6* )
SQL> /

Table created.

SQL> ED
Wrote file afiedt.buf

  1  CREATE TABLE COFFEE
  2  ( TOKENID NUMBER(5) PRIMARY KEY CHECK(TOKENID>0) CHECK(LENGTH(TOKENID)=5),
  3    FALVOUR VARCHAR(10) NOT NULL,
  4    CUPS VARCHAR(10) NOT NULL,
  5    QUANTITY VARCHAR(2) NOT NULL
  6* )
SQL> /

Table created.

SQL> SPOOL OFF;
